// Jest Snapshot v1, https://goo.gl/fbAQLP

exports[`columnAggregates.graphql 1`] = `
{
  "data": {
    "CHILDREN_BY_FOO_ID__MAX_NAME_ASC": {
      "nodes": [
        {
          "childrenByFooId": {
            "nodes": [
              {
                "name": "child1",
              },
              {
                "name": "child2",
              },
            ],
          },
          "id": 1,
        },
        {
          "childrenByFooId": {
            "nodes": [
              {
                "name": "child3",
              },
              {
                "name": "child4",
              },
            ],
          },
          "id": 2,
        },
        {
          "childrenByFooId": {
            "nodes": [],
          },
          "id": 3,
        },
        {
          "childrenByFooId": {
            "nodes": [],
          },
          "id": 4,
        },
        {
          "childrenByFooId": {
            "nodes": [],
          },
          "id": 5,
        },
      ],
    },
    "CHILDREN_BY_FOO_ID__MAX_NAME_DESC": {
      "nodes": [
        {
          "childrenByFooId": {
            "nodes": [],
          },
          "id": 3,
        },
        {
          "childrenByFooId": {
            "nodes": [],
          },
          "id": 4,
        },
        {
          "childrenByFooId": {
            "nodes": [],
          },
          "id": 5,
        },
        {
          "childrenByFooId": {
            "nodes": [
              {
                "name": "child3",
              },
              {
                "name": "child4",
              },
            ],
          },
          "id": 2,
        },
        {
          "childrenByFooId": {
            "nodes": [
              {
                "name": "child1",
              },
              {
                "name": "child2",
              },
            ],
          },
          "id": 1,
        },
      ],
    },
    "CHILDREN_BY_FOO_ID__MIN_ID_ASC": {
      "nodes": [
        {
          "childrenByFooId": {
            "nodes": [
              {
                "id": 1,
              },
              {
                "id": 2,
              },
            ],
          },
          "id": 1,
        },
        {
          "childrenByFooId": {
            "nodes": [
              {
                "id": 3,
              },
              {
                "id": 4,
              },
            ],
          },
          "id": 2,
        },
        {
          "childrenByFooId": {
            "nodes": [],
          },
          "id": 3,
        },
        {
          "childrenByFooId": {
            "nodes": [],
          },
          "id": 4,
        },
        {
          "childrenByFooId": {
            "nodes": [],
          },
          "id": 5,
        },
      ],
    },
    "CHILDREN_BY_FOO_ID__MIN_ID_DESC": {
      "nodes": [
        {
          "childrenByFooId": {
            "nodes": [],
          },
          "id": 3,
        },
        {
          "childrenByFooId": {
            "nodes": [],
          },
          "id": 4,
        },
        {
          "childrenByFooId": {
            "nodes": [],
          },
          "id": 5,
        },
        {
          "childrenByFooId": {
            "nodes": [
              {
                "id": 3,
              },
              {
                "id": 4,
              },
            ],
          },
          "id": 2,
        },
        {
          "childrenByFooId": {
            "nodes": [
              {
                "id": 1,
              },
              {
                "id": 2,
              },
            ],
          },
          "id": 1,
        },
      ],
    },
  },
}
`;

exports[`computedColumn.graphql 1`] = `
{
  "data": {
    "FORWARD_BY_FORWARD_ID__COMPUTED_SORTABLE_DESC": {
      "nodes": [
        {
          "forwardByForwardId": null,
          "id": 5,
        },
        {
          "forwardByForwardId": {
            "computedSortable": "c45a10dda8aa9c94e2be36ebf3bf2777",
            "name": "forward4",
          },
          "id": 4,
        },
        {
          "forwardByForwardId": {
            "computedSortable": "808e57a7c47cfcdf2e50f840f7cfd9bf",
            "name": "forward2",
          },
          "id": 2,
        },
        {
          "forwardByForwardId": {
            "computedSortable": "5a645663be3787e703ef29c971e60109",
            "name": "forward1",
          },
          "id": 1,
        },
        {
          "forwardByForwardId": {
            "computedSortable": "57eaeaefca0adb0cd6dd2e8722da24a7",
            "name": "forward3",
          },
          "id": 3,
        },
      ],
    },
  },
}
`;

exports[`order-by-related.graphql 1`] = `
{
  "data": {
    "A": {
      "nodes": [
        {
          "id": 1,
        },
        {
          "id": 2,
        },
        {
          "id": 3,
        },
        {
          "id": 4,
        },
        {
          "id": 5,
        },
      ],
    },
    "BACKWARD_BY_FOO_ID__NAME_ASC": {
      "nodes": [
        {
          "backwardByFooId": {
            "name": "backward1",
          },
          "id": 1,
        },
        {
          "backwardByFooId": {
            "name": "backward2",
          },
          "id": 2,
        },
        {
          "backwardByFooId": {
            "name": "backward3",
          },
          "id": 3,
        },
        {
          "backwardByFooId": {
            "name": "backward4",
          },
          "id": 4,
        },
        {
          "backwardByFooId": null,
          "id": 5,
        },
      ],
    },
    "BACKWARD_BY_FOO_ID__NAME_DESC": {
      "nodes": [
        {
          "backwardByFooId": null,
          "id": 5,
        },
        {
          "backwardByFooId": {
            "name": "backward4",
          },
          "id": 4,
        },
        {
          "backwardByFooId": {
            "name": "backward3",
          },
          "id": 3,
        },
        {
          "backwardByFooId": {
            "name": "backward2",
          },
          "id": 2,
        },
        {
          "backwardByFooId": {
            "name": "backward1",
          },
          "id": 1,
        },
      ],
    },
    "BACKWARD_COMPOUND_BY_BACKWARD_COMPOUND_1_AND_BACKWARD_COMPOUND_2__NAME_ASC": {
      "nodes": [
        {
          "backwardCompoundByBackwardCompound1AndBackwardCompound2": {
            "name": "backwardCompound11",
          },
          "id": 1,
        },
        {
          "backwardCompoundByBackwardCompound1AndBackwardCompound2": {
            "name": "backwardCompound12",
          },
          "id": 2,
        },
        {
          "backwardCompoundByBackwardCompound1AndBackwardCompound2": {
            "name": "backwardCompound21",
          },
          "id": 3,
        },
        {
          "backwardCompoundByBackwardCompound1AndBackwardCompound2": {
            "name": "backwardCompound22",
          },
          "id": 4,
        },
        {
          "backwardCompoundByBackwardCompound1AndBackwardCompound2": null,
          "id": 5,
        },
      ],
    },
    "BACKWARD_COMPOUND_BY_BACKWARD_COMPOUND_1_AND_BACKWARD_COMPOUND_2__NAME_DESC": {
      "nodes": [
        {
          "backwardCompoundByBackwardCompound1AndBackwardCompound2": null,
          "id": 5,
        },
        {
          "backwardCompoundByBackwardCompound1AndBackwardCompound2": {
            "name": "backwardCompound22",
          },
          "id": 4,
        },
        {
          "backwardCompoundByBackwardCompound1AndBackwardCompound2": {
            "name": "backwardCompound21",
          },
          "id": 3,
        },
        {
          "backwardCompoundByBackwardCompound1AndBackwardCompound2": {
            "name": "backwardCompound12",
          },
          "id": 2,
        },
        {
          "backwardCompoundByBackwardCompound1AndBackwardCompound2": {
            "name": "backwardCompound11",
          },
          "id": 1,
        },
      ],
    },
    "CHILDREN_BY_FOO_ID__COUNT_ASC": {
      "nodes": [
        {
          "childrenByFooId": {
            "totalCount": 0,
          },
          "id": 3,
        },
        {
          "childrenByFooId": {
            "totalCount": 0,
          },
          "id": 4,
        },
        {
          "childrenByFooId": {
            "totalCount": 0,
          },
          "id": 5,
        },
        {
          "childrenByFooId": {
            "totalCount": 2,
          },
          "id": 1,
        },
        {
          "childrenByFooId": {
            "totalCount": 2,
          },
          "id": 2,
        },
      ],
    },
    "CHILDREN_BY_FOO_ID__COUNT_DESC": {
      "nodes": [
        {
          "childrenByFooId": {
            "totalCount": 2,
          },
          "id": 1,
        },
        {
          "childrenByFooId": {
            "totalCount": 2,
          },
          "id": 2,
        },
        {
          "childrenByFooId": {
            "totalCount": 0,
          },
          "id": 3,
        },
        {
          "childrenByFooId": {
            "totalCount": 0,
          },
          "id": 4,
        },
        {
          "childrenByFooId": {
            "totalCount": 0,
          },
          "id": 5,
        },
      ],
    },
    "FORWARD_BY_FORWARD_ID__NAME_ASC": {
      "nodes": [
        {
          "forwardByForwardId": {
            "name": "forward1",
          },
          "id": 1,
        },
        {
          "forwardByForwardId": {
            "name": "forward2",
          },
          "id": 2,
        },
        {
          "forwardByForwardId": {
            "name": "forward3",
          },
          "id": 3,
        },
        {
          "forwardByForwardId": {
            "name": "forward4",
          },
          "id": 4,
        },
        {
          "forwardByForwardId": null,
          "id": 5,
        },
      ],
    },
    "FORWARD_BY_FORWARD_ID__NAME_DESC": {
      "nodes": [
        {
          "forwardByForwardId": null,
          "id": 5,
        },
        {
          "forwardByForwardId": {
            "name": "forward4",
          },
          "id": 4,
        },
        {
          "forwardByForwardId": {
            "name": "forward3",
          },
          "id": 3,
        },
        {
          "forwardByForwardId": {
            "name": "forward2",
          },
          "id": 2,
        },
        {
          "forwardByForwardId": {
            "name": "forward1",
          },
          "id": 1,
        },
      ],
    },
    "FORWARD_COMPOUND_BY_FORWARD_COMPOUND_1_AND_FORWARD_COMPOUND_2__NAME_ASC": {
      "nodes": [
        {
          "forwardCompoundByForwardCompound1AndForwardCompound2": {
            "name": "forwardCompound11",
          },
          "id": 1,
        },
        {
          "forwardCompoundByForwardCompound1AndForwardCompound2": {
            "name": "forwardCompound12",
          },
          "id": 2,
        },
        {
          "forwardCompoundByForwardCompound1AndForwardCompound2": {
            "name": "forwardCompound21",
          },
          "id": 3,
        },
        {
          "forwardCompoundByForwardCompound1AndForwardCompound2": {
            "name": "forwardCompound22",
          },
          "id": 4,
        },
        {
          "forwardCompoundByForwardCompound1AndForwardCompound2": null,
          "id": 5,
        },
      ],
    },
    "FORWARD_COMPOUND_BY_FORWARD_COMPOUND_1_AND_FORWARD_COMPOUND_2__NAME_DESC": {
      "nodes": [
        {
          "forwardCompoundByForwardCompound1AndForwardCompound2": null,
          "id": 5,
        },
        {
          "forwardCompoundByForwardCompound1AndForwardCompound2": {
            "name": "forwardCompound22",
          },
          "id": 4,
        },
        {
          "forwardCompoundByForwardCompound1AndForwardCompound2": {
            "name": "forwardCompound21",
          },
          "id": 3,
        },
        {
          "forwardCompoundByForwardCompound1AndForwardCompound2": {
            "name": "forwardCompound12",
          },
          "id": 2,
        },
        {
          "forwardCompoundByForwardCompound1AndForwardCompound2": {
            "name": "forwardCompound11",
          },
          "id": 1,
        },
      ],
    },
    "PARENT_BY_PARENT_ID__NAME_ASC": {
      "nodes": [
        {
          "id": 1,
          "parentByParentId": {
            "name": "parent1",
          },
        },
        {
          "id": 2,
          "parentByParentId": {
            "name": "parent1",
          },
        },
        {
          "id": 3,
          "parentByParentId": {
            "name": "parent2",
          },
        },
        {
          "id": 4,
          "parentByParentId": {
            "name": "parent2",
          },
        },
        {
          "id": 5,
          "parentByParentId": null,
        },
      ],
    },
    "PARENT_BY_PARENT_ID__NAME_DESC": {
      "nodes": [
        {
          "id": 5,
          "parentByParentId": null,
        },
        {
          "id": 3,
          "parentByParentId": {
            "name": "parent2",
          },
        },
        {
          "id": 4,
          "parentByParentId": {
            "name": "parent2",
          },
        },
        {
          "id": 1,
          "parentByParentId": {
            "name": "parent1",
          },
        },
        {
          "id": 2,
          "parentByParentId": {
            "name": "parent1",
          },
        },
      ],
    },
  },
}
`;
